// Jest Snapshot v1, https://goo.gl/fbAQLP

exports[`Table has a valid snapshot 1`] = `
<div
  className="table"
>
  <div
    className="table-header"
  >
    <span
      className="title"
    >
      <button
        className="button-inline button-active"
        onClick={[Function]}
      >
        Title
      </button>
    </span>
    <span
      className="author"
    >
      <button
        className="button-inline"
        onClick={[Function]}
      >
        Author
      </button>
    </span>
    <span
      className="comments"
    >
      <button
        className="button-inline"
        onClick={[Function]}
      >
        Comments
      </button>
    </span>
    <span
      className="points"
    >
      <button
        className="button-inline"
        onClick={[Function]}
      >
        Points
      </button>
    </span>
    <span
      className="dismiss"
    >
      Archive
    </span>
  </div>
  <div
    className="list-item table-row"
  >
    <span
      className="title"
    >
      <a>
        1
      </a>
    </span>
    <span
      className="author"
    >
      1
    </span>
    <span
      className="comments"
    >
      1
    </span>
    <span
      className="points"
    >
      2
    </span>
    <span
      className="dismiss"
    >
      <button
        className="button-inline"
        onClick={[Function]}
      >
        Dismiss
      </button>
    </span>
  </div>
  <div
    className="list-item table-row"
  >
    <span
      className="title"
    >
      <a>
        2
      </a>
    </span>
    <span
      className="author"
    >
      2
    </span>
    <span
      className="comments"
    >
      1
    </span>
    <span
      className="points"
    >
      2
    </span>
    <span
      className="dismiss"
    >
      <button
        className="button-inline"
        onClick={[Function]}
      >
        Dismiss
      </button>
    </span>
  </div>
</div>
`;
